// Vitest Snapshot v1, https://vitest.dev/guide/snapshot.html

exports[`flattenOtlp — snapshot du contrat de sortie > fige la forme complète des lignes produites 1`] = `
{
  "ai": [],
  "apiKeys": [
    {
      "api_key": "mip_secretkey1234",
      "app_id": "demo",
    },
  ],
  "breadcrumbs": [
    {
      "app_id": "demo",
      "label": "#submit",
      "seq": 3,
      "session_id": "sess-1",
      "span_id": "bc1",
      "ts": 2025-10-09T08:53:25.000Z,
      "type": "click",
    },
  ],
  "errors": [
    {
      "app_id": "demo",
      "colno": 7,
      "error_type": "TypeError",
      "fingerprint": "5963d92c",
      "kind": "error",
      "lineno": 42,
      "message": "login failed for [email] password=[redacted]",
      "release": "1.4.2",
      "route": "/home",
      "session_id": "sess-1",
      "source": "https://app.demo.fr/app.js",
      "span_id": "e1",
      "stack": "TypeError at /home (app.js)",
      "ts": 2025-10-09T08:53:22.000Z,
    },
  ],
  "events": [
    {
      "app_id": "demo",
      "name": "signup",
      "props": {
        "email": "[redacted]",
        "plan": "pro",
      },
      "route": "/home",
      "session_id": "sess-1",
      "span_id": "tk1",
      "ts": 2025-10-09T08:53:26.000Z,
    },
    {
      "app_id": "demo",
      "name": "frustration.rage",
      "props": {
        "count": 4,
        "target": "button "Payer"",
      },
      "route": "/home",
      "session_id": "sess-1",
      "span_id": "fr1",
      "ts": 2025-10-09T08:53:26.500Z,
    },
  ],
  "longtasks": [
    {
      "app_id": "demo",
      "duration_ms": 88,
      "route": "/home",
      "session_id": "sess-1",
      "span_id": "lt1",
      "ts": 2025-10-09T08:53:24.000Z,
    },
  ],
  "metrics": [
    {
      "app_id": "demo",
      "attribution": {
        "element": "#hero",
      },
      "name": "LCP",
      "rating": "needs-improvement",
      "route": "/home",
      "session_id": "sess-1",
      "span_id": "m1",
      "ts": 2025-10-09T08:53:21.000Z,
      "value": 2340.5,
    },
  ],
  "pageviews": [
    {
      "app_id": "demo",
      "nav_type": "navigate",
      "referrer": "https://google.com/",
      "route": "/home",
      "session_id": "sess-1",
      "span_id": "p1",
      "ts": 2025-10-09T08:53:20.000Z,
      "url": "https://app.demo.fr/home",
    },
  ],
  "rejected": 1,
  "resources": [
    {
      "app_id": "demo",
      "duration_ms": 320.4,
      "render_blocking": true,
      "route": "/home",
      "session_id": "sess-1",
      "span_id": "r1",
      "transfer_size": 12000,
      "ts": 2025-10-09T08:53:23.000Z,
      "type": "script",
      "url": "https://cdn.demo.fr/app.js",
    },
  ],
  "sessions": [
    {
      "app_id": "demo",
      "client_id": "acme",
      "device_type": "desktop",
      "geo_country": "FR",
      "is_bot": false,
      "last_seen_at": 2025-10-09T08:53:27.000Z,
      "page_count_inc": 1,
      "session_id": "sess-1",
      "user_agent": "Mozilla/5.0 Test",
      "user_hash": null,
    },
  ],
  "spans": [
    {
      "app_id": "demo",
      "duration_ms": 123.4,
      "method": "GET",
      "parent_span_id": null,
      "route": "/api/partners/:id",
      "session_id": "sess-1",
      "span_id": "span-fff",
      "status_code": 200,
      "tier": "front",
      "trace_id": "trace-aaa",
      "ts": 2025-10-09T08:53:27.000Z,
      "url": "https://api.demo.fr/partners/42",
    },
    {
      "app_id": "demo",
      "duration_ms": 95.2,
      "method": "GET",
      "parent_span_id": "span-fff",
      "route": "/api/partners/:id",
      "session_id": "sess-1",
      "span_id": "span-eee",
      "status_code": 200,
      "tier": "back",
      "trace_id": "trace-aaa",
      "ts": 2025-10-09T08:53:27.000Z,
      "url": "https://api.demo.fr/partners/42",
    },
    {
      "app_id": "demo",
      "duration_ms": 50,
      "method": "GET",
      "parent_span_id": "span-parent",
      "route": "/aos/:id",
      "session_id": "sess-2",
      "span_id": "otel-srv-1",
      "status_code": 200,
      "tier": "back",
      "trace_id": "trace-bbb",
      "ts": 2025-10-09T08:53:28.000Z,
      "url": "https://api.demo.fr/aos/7",
    },
  ],
}
`;
